// Jest Snapshot v1, https://goo.gl/fbAQLP

exports[`manager Check layout in array 1`] = `
<p>
  foo bar
  <p>
    foo
  </p>
</p>
`;

exports[`manager Check layout props 1`] = `
<p>
  foo bar
  <p>
    foo
  </p>
</p>
`;
